Archive member included to satisfy reference by file (symbol)

c:/program files (x86)/atollic/truestudio for stm32 9.2.0/armtools/bin/../lib/gcc/arm-atollic-eabi/6.3.1/../../../../arm-atollic-eabi/lib/armv6-m\libc_nano.a(lib_a-init.o)
                              startup\startup_stm32f030x6.o (__libc_init_array)
c:/program files (x86)/atollic/truestudio for stm32 9.2.0/armtools/bin/../lib/gcc/arm-atollic-eabi/6.3.1/armv6-m\libgcc.a(_udivsi3.o)
                              Drivers\STM32F0xx_HAL_Driver\Src\stm32f0xx_hal.o (__aeabi_uidiv)
c:/program files (x86)/atollic/truestudio for stm32 9.2.0/armtools/bin/../lib/gcc/arm-atollic-eabi/6.3.1/armv6-m\libgcc.a(_dvmd_tls.o)
                              c:/program files (x86)/atollic/truestudio for stm32 9.2.0/armtools/bin/../lib/gcc/arm-atollic-eabi/6.3.1/armv6-m\libgcc.a(_udivsi3.o) (__aeabi_idiv0)

Allocating common symbols
Common symbol       size              file

hi2c1               0x4c              Src\i2c.o
uwTick              0x4               Drivers\STM32F0xx_HAL_Driver\Src\stm32f0xx_hal.o
pFlash              0x20              Drivers\STM32F0xx_HAL_Driver\Src\stm32f0xx_hal_flash.o
htim3               0x40              Src\timer.o
hdma_usart1_tx      0x44              Src\uart.o
hdma_usart1_rx      0x44              Src\uart.o
huart1              0x70              Src\uart.o
receive             0x64              Src\main.o
htim14              0x40              Src\timer.o

Discarded input sections

 .text          0x00000000        0x0 c:/program files (x86)/atollic/truestudio for stm32 9.2.0/armtools/bin/../lib/gcc/arm-atollic-eabi/6.3.1/armv6-m/crti.o
 .data          0x00000000        0x0 c:/program files (x86)/atollic/truestudio for stm32 9.2.0/armtools/bin/../lib/gcc/arm-atollic-eabi/6.3.1/armv6-m/crti.o
 .bss           0x00000000        0x0 c:/program files (x86)/atollic/truestudio for stm32 9.2.0/armtools/bin/../lib/gcc/arm-atollic-eabi/6.3.1/armv6-m/crti.o
 .data          0x00000000        0x4 c:/program files (x86)/atollic/truestudio for stm32 9.2.0/armtools/bin/../lib/gcc/arm-atollic-eabi/6.3.1/armv6-m/crtbegin.o
 .text          0x00000000        0x0 Drivers\STM32F0xx_HAL_Driver\Src\stm32f0xx_hal.o
 .data          0x00000000        0x0 Drivers\STM32F0xx_HAL_Driver\Src\stm32f0xx_hal.o
 .bss           0x00000000        0x0 Drivers\STM32F0xx_HAL_Driver\Src\stm32f0xx_hal.o
 .text.HAL_DeInit
                0x00000000       0x40 Drivers\STM32F0xx_HAL_Driver\Src\stm32f0xx_hal.o
 .text.HAL_MspInit
                0x00000000        0xa Drivers\STM32F0xx_HAL_Driver\Src\stm32f0xx_hal.o
 .text.HAL_MspDeInit
                0x00000000        0xa Drivers\STM32F0xx_HAL_Driver\Src\stm32f0xx_hal.o
 .text.HAL_Delay
                0x00000000       0x3a Drivers\STM32F0xx_HAL_Driver\Src\stm32f0xx_hal.o
 .text.HAL_SuspendTick
                0x00000000       0x1c Drivers\STM32F0xx_HAL_Driver\Src\stm32f0xx_hal.o
 .text.HAL_ResumeTick
                0x00000000       0x1c Drivers\STM32F0xx_HAL_Driver\Src\stm32f0xx_hal.o
 .text.HAL_GetHalVersion
                0x00000000       0x10 Drivers\STM32F0xx_HAL_Driver\Src\stm32f0xx_hal.o
 .text.HAL_GetREVID
                0x00000000       0x14 Drivers\STM32F0xx_HAL_Driver\Src\stm32f0xx_hal.o
 .text.HAL_GetDEVID
                0x00000000       0x18 Drivers\STM32F0xx_HAL_Driver\Src\stm32f0xx_hal.o
 .text.HAL_GetUIDw0
                0x00000000       0x14 Drivers\STM32F0xx_HAL_Driver\Src\stm32f0xx_hal.o
 .text.HAL_GetUIDw1
                0x00000000       0x14 Drivers\STM32F0xx_HAL_Driver\Src\stm32f0xx_hal.o
 .text.HAL_GetUIDw2
                0x00000000       0x14 Drivers\STM32F0xx_HAL_Driver\Src\stm32f0xx_hal.o
 .text.HAL_DBGMCU_EnableDBGStopMode
                0x00000000       0x1c Drivers\STM32F0xx_HAL_Driver\Src\stm32f0xx_hal.o
 .text.HAL_DBGMCU_DisableDBGStopMode
                0x00000000       0x1c Drivers\STM32F0xx_HAL_Driver\Src\stm32f0xx_hal.o
 .text.HAL_DBGMCU_EnableDBGStandbyMode
                0x00000000       0x1c Drivers\STM32F0xx_HAL_Driver\Src\stm32f0xx_hal.o
 .text.HAL_DBGMCU_DisableDBGStandbyMode
                0x00000000       0x1c Drivers\STM32F0xx_HAL_Driver\Src\stm32f0xx_hal.o
 .text          0x00000000        0x0 Drivers\STM32F0xx_HAL_Driver\Src\stm32f0xx_hal_cortex.o
 .data          0x00000000        0x0 Drivers\STM32F0xx_HAL_Driver\Src\stm32f0xx_hal_cortex.o
 .bss           0x00000000        0x0 Drivers\STM32F0xx_HAL_Driver\Src\stm32f0xx_hal_cortex.o
 .text.NVIC_DisableIRQ
                0x00000000       0x30 Drivers\STM32F0xx_HAL_Driver\Src\stm32f0xx_hal_cortex.o
 .text.NVIC_GetPendingIRQ
                0x00000000       0x34 Drivers\STM32F0xx_HAL_Driver\Src\stm32f0xx_hal_cortex.o
 .text.NVIC_SetPendingIRQ
                0x00000000       0x30 Drivers\STM32F0xx_HAL_Driver\Src\stm32f0xx_hal_cortex.o
 .text.NVIC_ClearPendingIRQ
                0x00000000       0x30 Drivers\STM32F0xx_HAL_Driver\Src\stm32f0xx_hal_cortex.o
 .text.NVIC_GetPriority
[...]
Memory Configuration

Name             Origin             Length             Attributes
RAM              0x20000000         0x00001000         xrw
FLASH            0x08000000         0x00004000         xr
*default*        0x00000000         0xffffffff

Linker script and memory map

LOAD c:/program files (x86)/atollic/truestudio for stm32 9.2.0/armtools/bin/../lib/gcc/arm-atollic-eabi/6.3.1/armv6-m/crti.o
LOAD c:/program files (x86)/atollic/truestudio for stm32 9.2.0/armtools/bin/../lib/gcc/arm-atollic-eabi/6.3.1/armv6-m/crtbegin.o
LOAD Drivers\STM32F0xx_HAL_Driver\Src\stm32f0xx_hal.o
LOAD Drivers\STM32F0xx_HAL_Driver\Src\stm32f0xx_hal_cortex.o
LOAD Drivers\STM32F0xx_HAL_Driver\Src\stm32f0xx_hal_dma.o
LOAD Drivers\STM32F0xx_HAL_Driver\Src\stm32f0xx_hal_flash.o
LOAD Drivers\STM32F0xx_HAL_Driver\Src\stm32f0xx_hal_flash_ex.o
LOAD Drivers\STM32F0xx_HAL_Driver\Src\stm32f0xx_hal_gpio.o
LOAD Drivers\STM32F0xx_HAL_Driver\Src\stm32f0xx_hal_i2c.o
LOAD Drivers\STM32F0xx_HAL_Driver\Src\stm32f0xx_hal_i2c_ex.o
LOAD Drivers\STM32F0xx_HAL_Driver\Src\stm32f0xx_hal_pwr.o
LOAD Drivers\STM32F0xx_HAL_Driver\Src\stm32f0xx_hal_pwr_ex.o
LOAD Drivers\STM32F0xx_HAL_Driver\Src\stm32f0xx_hal_rcc.o
LOAD Drivers\STM32F0xx_HAL_Driver\Src\stm32f0xx_hal_rcc_ex.o
LOAD Drivers\STM32F0xx_HAL_Driver\Src\stm32f0xx_hal_tim.o
LOAD Drivers\STM32F0xx_HAL_Driver\Src\stm32f0xx_hal_tim_ex.o
LOAD Drivers\STM32F0xx_HAL_Driver\Src\stm32f0xx_hal_uart.o
LOAD Drivers\STM32F0xx_HAL_Driver\Src\stm32f0xx_hal_uart_ex.o
LOAD Src\gpio.o
LOAD Src\i2c.o
LOAD Src\main.o
LOAD Src\si5351a.o
LOAD Src\stm32f0xx_hal_msp.o
LOAD Src\stm32f0xx_it.o
LOAD Src\system_stm32f0xx.o
LOAD Src\timer.o
LOAD Src\uart.o
LOAD startup\startup_stm32f030x6.o
                0x00000080                malloc_getpagesize_P = 0x80
START GROUP
LOAD c:/program files (x86)/atollic/truestudio for stm32 9.2.0/armtools/bin/../lib/gcc/arm-atollic-eabi/6.3.1/../../../../arm-atollic-eabi/lib/armv6-m\libc_nano.a
LOAD c:/program files (x86)/atollic/truestudio for stm32 9.2.0/armtools/bin/../lib/gcc/arm-atollic-eabi/6.3.1/../../../../arm-atollic-eabi/lib/armv6-m\libm.a
END GROUP
START GROUP
LOAD c:/program files (x86)/atollic/truestudio for stm32 9.2.0/armtools/bin/../lib/gcc/arm-atollic-eabi/6.3.1/armv6-m\libgcc.a
LOAD c:/program files (x86)/atollic/truestudio for stm32 9.2.0/armtools/bin/../lib/gcc/arm-atollic-eabi/6.3.1/../../../../arm-atollic-eabi/lib/armv6-m\libc_nano.a
END GROUP
START GROUP
LOAD c:/program files (x86)/atollic/truestudio for stm32 9.2.0/armtools/bin/../lib/gcc/arm-atollic-eabi/6.3.1/armv6-m\libgcc.a
LOAD c:/program files (x86)/atollic/truestudio for stm32 9.2.0/armtools/bin/../lib/gcc/arm-atollic-eabi/6.3.1/../../../../arm-atollic-eabi/lib/armv6-m\libc_nano.a
LOAD c:/program files (x86)/atollic/truestudio for stm32 9.2.0/armtools/bin/../lib/gcc/arm-atollic-eabi/6.3.1/../../../../arm-atollic-eabi/lib/armv6-m\libnosys.a
END GROUP
START GROUP
LOAD c:/program files (x86)/atollic/truestudio for stm32 9.2.0/armtools/bin/../lib/gcc/arm-atollic-eabi/6.3.1/armv6-m\libgcc.a
LOAD c:/program files (x86)/atollic/truestudio for stm32 9.2.0/armtools/bin/../lib/gcc/arm-atollic-eabi/6.3.1/../../../../arm-atollic-eabi/lib/armv6-m\libc_nano.a
LOAD c:/program files (x86)/atollic/truestudio for stm32 9.2.0/armtools/bin/../lib/gcc/arm-atollic-eabi/6.3.1/../../../../arm-atollic-eabi/lib/armv6-m\libnosys.a
END GROUP
LOAD c:/program files (x86)/atollic/truestudio for stm32 9.2.0/armtools/bin/../lib/gcc/arm-atollic-eabi/6.3.1/armv6-m/crtend.o
LOAD c:/program files (x86)/atollic/truestudio for stm32 9.2.0/armtools/bin/../lib/gcc/arm-atollic-eabi/6.3.1/armv6-m/crtn.o
                0x20001000                _estack = 0x20001000
                0x00000200                _Min_Heap_Size = 0x200
                0x00000400                _Min_Stack_Size = 0x400

.isr_vector     0x08000000       0xc0
                0x08000000                . = ALIGN (0x4)
 *(.isr_vector)
 .isr_vector    0x08000000       0xc0 startup\startup_stm32f030x6.o
                0x08000000                g_pfnVectors
                0x080000c0                . = ALIGN (0x4)

.text           0x080000c0     0x3a64
                0x080000c0                . = ALIGN (0x4)
 *(.text)
 .text          0x080000c0       0x48 c:/program files (x86)/atollic/truestudio for stm32 9.2.0/armtools/bin/../lib/gcc/arm-atollic-eabi/6.3.1/armv6-m/crtbegin.o
 .text          0x08000108      0x114 c:/program files (x86)/atollic/truestudio for stm32 9.2.0/armtools/bin/../lib/gcc/arm-atollic-eabi/6.3.1/armv6-m\libgcc.a(_udivsi3.o)
                0x08000108                __aeabi_uidiv
                0x08000108                __udivsi3
                0x08000214                __aeabi_uidivmod
 .text          0x0800021c        0x4 c:/program files (x86)/atollic/truestudio for stm32 9.2.0/armtools/bin/../lib/gcc/arm-atollic-eabi/6.3.1/armv6-m\libgcc.a(_dvmd_tls.o)
                0x0800021c                __aeabi_idiv0
                0x0800021c                __aeabi_ldiv0
 *(.text*)
 .text.HAL_Init
                0x08000220       0x28 Drivers\STM32F0xx_HAL_Driver\Src\stm32f0xx_hal.o
                0x08000220                HAL_Init
 .text.HAL_InitTick
                0x08000248       0x38 Drivers\STM32F0xx_HAL_Driver\Src\stm32f0xx_hal.o
                0x08000248                HAL_InitTick
 .text.HAL_IncTick
                0x08000280       0x18 Drivers\STM32F0xx_HAL_Driver\Src\stm32f0xx_hal.o
                0x08000280                HAL_IncTick
 .text.HAL_GetTick
                0x08000298       0x14 Drivers\STM32F0xx_HAL_Driver\Src\stm32f0xx_hal.o
                0x08000298                HAL_GetTick
 .text.NVIC_EnableIRQ
                0x080002ac       0x2c Drivers\STM32F0xx_HAL_Driver\Src\stm32f0xx_hal_cortex.o
 .text.NVIC_SetPriority
                0x080002d8       0xdc Drivers\STM32F0xx_HAL_Driver\Src\stm32f0xx_hal_cortex.o
 .text.SysTick_Config
                0x080003b4       0x48 Drivers\STM32F0xx_HAL_Driver\Src\stm32f0xx_hal_cortex.o
 .text.HAL_NVIC_SetPriority
                0x080003fc       0x2c Drivers\STM32F0xx_HAL_Driver\Src\stm32f0xx_hal_cortex.o
                0x080003fc                HAL_NVIC_SetPriority
 .text.HAL_NVIC_EnableIRQ
                0x08000428       0x20 Drivers\STM32F0xx_HAL_Driver\Src\stm32f0xx_hal_cortex.o
                0x08000428                HAL_NVIC_EnableIRQ
 .text.HAL_SYSTICK_Config
                0x08000448       0x1a Drivers\STM32F0xx_HAL_Driver\Src\stm32f0xx_hal_cortex.o
                0x08000448                HAL_SYSTICK_Config
 *fill*         0x08000462        0x2 
 .text.HAL_SYSTICK_CLKSourceConfig
                0x08000464       0x34 Drivers\STM32F0xx_HAL_Driver\Src\stm32f0xx_hal_cortex.o
                0x08000464                HAL_SYSTICK_CLKSourceConfig
 .text.HAL_SYSTICK_IRQHandler
                0x08000498        0xe Drivers\STM32F0xx_HAL_Driver\Src\stm32f0xx_hal_cortex.o
                0x08000498                HAL_SYSTICK_IRQHandler
 .text.HAL_SYSTICK_Callback
                0x080004a6        0xa Drivers\STM32F0xx_HAL_Driver\Src\stm32f0xx_hal_cortex.o
                0x080004a6                HAL_SYSTICK_Callback
 .text.HAL_DMA_Init
                0x080004b0       0xa8 Drivers\STM32F0xx_HAL_Driver\Src\stm32f0xx_hal_dma.o
                0x080004b0                HAL_DMA_Init
 .text.HAL_DMA_Abort_IT
                0x08000558       0x8c Drivers\STM32F0xx_HAL_Driver\Src\stm32f0xx_hal_dma.o
                0x08000558                HAL_DMA_Abort_IT
 .text.HAL_DMA_IRQHandler
                0x080005e4      0x144 Drivers\STM32F0xx_HAL_Driver\Src\stm32f0xx_hal_dma.o
                0x080005e4                HAL_DMA_IRQHandler
 .text.DMA_CalcBaseAndBitshift
                0x08000728       0x38 Drivers\STM32F0xx_HAL_Driver\Src\stm32f0xx_hal_dma.o
 .text.HAL_GPIO_Init
                0x08000760      0x2e8 Drivers\STM32F0xx_HAL_Driver\Src\stm32f0xx_hal_gpio.o
                0x08000760                HAL_GPIO_Init
 .text.HAL_GPIO_WritePin
                0x08000a48       0x3a Drivers\STM32F0xx_HAL_Driver\Src\stm32f0xx_hal_gpio.o
                0x08000a48                HAL_GPIO_WritePin
 *fill*         0x08000a82        0x2 
 .text.HAL_I2C_Init
                0x08000a84      0x12c Drivers\STM32F0xx_HAL_Driver\Src\stm32f0xx_hal_i2c.o
                0x08000a84                HAL_I2C_Init
 .text.HAL_I2C_Mem_Write
                0x08000bb0      0x280 Drivers\STM32F0xx_HAL_Driver\Src\stm32f0xx_hal_i2c.o
                0x08000bb0                HAL_I2C_Mem_Write
 .text.I2C_RequestMemoryWrite
                0x08000e30       0xde Drivers\STM32F0xx_HAL_Driver\Src\stm32f0xx_hal_i2c.o
 .text.I2C_Flush_TXDR
                0x08000f0e       0x44 Drivers\STM32F0xx_HAL_Driver\Src\stm32f0xx_hal_i2c.o
 .text.I2C_WaitOnFlagUntilTimeout
                0x08000f52       0x72 Drivers\STM32F0xx_HAL_Driver\Src\stm32f0xx_hal_i2c.o
 .text.I2C_WaitOnTXISFlagUntilTimeout
                0x08000fc4       0x7e Drivers\STM32F0xx_HAL_Driver\Src\stm32f0xx_hal_i2c.o
 .text.I2C_WaitOnSTOPFlagUntilTimeout
                0x08001042       0x78 Drivers\STM32F0xx_HAL_Driver\Src\stm32f0xx_hal_i2c.o
 *fill*         0x080010ba        0x2 
 .text.I2C_IsAcknowledgeFailed
                0x080010bc       0xbc Drivers\STM32F0xx_HAL_Driver\Src\stm32f0xx_hal_i2c.o
 .text.I2C_TransferConfig
                0x08001178       0x70 Drivers\STM32F0xx_HAL_Driver\Src\stm32f0xx_hal_i2c.o
 .text.HAL_I2CEx_ConfigAnalogFilter
                0x080011e8       0x98 Drivers\STM32F0xx_HAL_Driver\Src\stm32f0xx_hal_i2c_ex.o
                0x080011e8                HAL_I2CEx_ConfigAnalogFilter
 .text.HAL_I2CEx_ConfigDigitalFilter
                0x08001280       0x9c Drivers\STM32F0xx_HAL_Driver\Src\stm32f0xx_hal_i2c_ex.o
                0x08001280                HAL_I2CEx_ConfigDigitalFilter
 .text.HAL_RCC_OscConfig
                0x0800131c      0x5e8 Drivers\STM32F0xx_HAL_Driver\Src\stm32f0xx_hal_rcc.o
                0x0800131c                HAL_RCC_OscConfig
 .text.HAL_RCC_ClockConfig
                0x08001904      0x1cc Drivers\STM32F0xx_HAL_Driver\Src\stm32f0xx_hal_rcc.o
                0x08001904                HAL_RCC_ClockConfig
 .text.HAL_RCC_GetSysClockFreq
                0x08001ad0       0xc4 Drivers\STM32F0xx_HAL_Driver\Src\stm32f0xx_hal_rcc.o
                0x08001ad0                HAL_RCC_GetSysClockFreq
 .text.HAL_RCC_GetHCLKFreq
                0x08001b94       0x14 Drivers\STM32F0xx_HAL_Driver\Src\stm32f0xx_hal_rcc.o
                0x08001b94                HAL_RCC_GetHCLKFreq
 .text.HAL_RCC_GetPCLK1Freq
                0x08001ba8       0x2c Drivers\STM32F0xx_HAL_Driver\Src\stm32f0xx_hal_rcc.o
                0x08001ba8                HAL_RCC_GetPCLK1Freq
 .text.HAL_RCCEx_PeriphCLKConfig
                0x08001bd4      0x19c Drivers\STM32F0xx_HAL_Driver\Src\stm32f0xx_hal_rcc_ex.o
                0x08001bd4                HAL_RCCEx_PeriphCLKConfig
 .text.HAL_TIM_Base_Init
                0x08001d70       0x58 Drivers\STM32F0xx_HAL_Driver\Src\stm32f0xx_hal_tim.o
                0x08001d70                HAL_TIM_Base_Init
 .text.HAL_TIM_PWM_Init
                0x08001dc8       0x58 Drivers\STM32F0xx_HAL_Driver\Src\stm32f0xx_hal_tim.o
                0x08001dc8                HAL_TIM_PWM_Init
 .text.HAL_TIM_PWM_Start
                0x08001e20       0x78 Drivers\STM32F0xx_HAL_Driver\Src\stm32f0xx_hal_tim.o
                0x08001e20                HAL_TIM_PWM_Start
 .text.HAL_TIM_PWM_ConfigChannel
                0x08001e98      0x170 Drivers\STM32F0xx_HAL_Driver\Src\stm32f0xx_hal_tim.o
                0x08001e98                HAL_TIM_PWM_ConfigChannel
 .text.TIM_Base_SetConfig
                0x08002008       0xdc Drivers\STM32F0xx_HAL_Driver\Src\stm32f0xx_hal_tim.o
                0x08002008                TIM_Base_SetConfig
 .text.TIM_OC1_SetConfig
                0x080020e4      0x108 Drivers\STM32F0xx_HAL_Driver\Src\stm32f0xx_hal_tim.o
 .text.TIM_OC2_SetConfig
                0x080021ec      0x108 Drivers\STM32F0xx_HAL_Driver\Src\stm32f0xx_hal_tim.o
                0x080021ec                TIM_OC2_SetConfig
 .text.TIM_OC3_SetConfig
                0x080022f4      0x10c Drivers\STM32F0xx_HAL_Driver\Src\stm32f0xx_hal_tim.o
 .text.TIM_OC4_SetConfig
                0x08002400       0xd4 Drivers\STM32F0xx_HAL_Driver\Src\stm32f0xx_hal_tim.o
 .text.TIM_CCxChannelCmd
                0x080024d4       0x42 Drivers\STM32F0xx_HAL_Driver\Src\stm32f0xx_hal_tim.o
                0x080024d4                TIM_CCxChannelCmd
 .text.HAL_TIMEx_MasterConfigSynchronization
                0x08002516       0x86 Drivers\STM32F0xx_HAL_Driver\Src\stm32f0xx_hal_tim_ex.o
                0x08002516                HAL_TIMEx_MasterConfigSynchronization
 .text.HAL_UART_Init
                0x0800259c       0xb0 Drivers\STM32F0xx_HAL_Driver\Src\stm32f0xx_hal_uart.o
                0x0800259c                HAL_UART_Init
 .text.HAL_UART_IRQHandler
                0x0800264c      0x1f4 Drivers\STM32F0xx_HAL_Driver\Src\stm32f0xx_hal_uart.o
                0x0800264c                HAL_UART_IRQHandler
 .text.HAL_UART_TxCpltCallback
                0x08002840       0x10 Drivers\STM32F0xx_HAL_Driver\Src\stm32f0xx_hal_uart.o
                0x08002840                HAL_UART_TxCpltCallback
 .text.HAL_UART_RxCpltCallback
                0x08002850       0x10 Drivers\STM32F0xx_HAL_Driver\Src\stm32f0xx_hal_uart.o
                0x08002850                HAL_UART_RxCpltCallback
 .text.HAL_UART_ErrorCallback
                0x08002860       0x10 Drivers\STM32F0xx_HAL_Driver\Src\stm32f0xx_hal_uart.o
                0x08002860                HAL_UART_ErrorCallback
 .text.UART_SetConfig
                0x08002870      0x2bc Drivers\STM32F0xx_HAL_Driver\Src\stm32f0xx_hal_uart.o
                0x08002870                UART_SetConfig
 .text.UART_AdvFeatureConfig
                0x08002b2c      0x158 Drivers\STM32F0xx_HAL_Driver\Src\stm32f0xx_hal_uart.o
                0x08002b2c                UART_AdvFeatureConfig
 .text.UART_CheckIdleState
                0x08002c84       0x30 Drivers\STM32F0xx_HAL_Driver\Src\stm32f0xx_hal_uart.o
                0x08002c84                UART_CheckIdleState
 .text.UART_EndRxTransfer
                0x08002cb4       0x3c Drivers\STM32F0xx_HAL_Driver\Src\stm32f0xx_hal_uart.o
 .text.UART_DMAAbortOnError
                0x08002cf0       0x2e Drivers\STM32F0xx_HAL_Driver\Src\stm32f0xx_hal_uart.o
 .text.UART_Transmit_IT
                0x08002d1e       0xae Drivers\STM32F0xx_HAL_Driver\Src\stm32f0xx_hal_uart.o
                0x08002d1e                UART_Transmit_IT
 .text.UART_EndTransmit_IT
                0x08002dcc       0x32 Drivers\STM32F0xx_HAL_Driver\Src\stm32f0xx_hal_uart.o
                0x08002dcc                UART_EndTransmit_IT
 *fill*         0x08002dfe        0x2 
 .text.UART_Receive_IT
                0x08002e00       0xf4 Drivers\STM32F0xx_HAL_Driver\Src\stm32f0xx_hal_uart.o
                0x08002e00                UART_Receive_IT
 .text.GPIO_Init
                0x08002ef4       0xa4 Src\gpio.o
                0x08002ef4                GPIO_Init
 .text.GPIO_LED_On
                0x08002f98       0x34 Src\gpio.o
                0x08002f98                GPIO_LED_On
 .text.I2C1_Init
                0x08002fcc       0x98 Src\i2c.o
                0x08002fcc                I2C1_Init
 .text.HAL_I2C_MspInit
                0x08003064       0x78 Src\i2c.o
                0x08003064                HAL_I2C_MspInit
 .text.I2C_WriteBytes
                0x080030dc       0x60 Src\i2c.o
                0x080030dc                I2C_WriteBytes
 .text.main     0x0800313c       0x44 Src\main.o
                0x0800313c                main
 .text.SystemClock_Config
                0x08003180       0xf4 Src\main.o
                0x08003180                SystemClock_Config
 .text._Error_Handler
                0x08003274       0x12 Src\main.o
                0x08003274                _Error_Handler
 *fill*         0x08003286        0x2 
 .text.HAL_MspInit
                0x08003288       0x70 Src\main.o
                0x08003288                HAL_MspInit
 .text.Write_Si5351A
                0x080032f8       0x5c Src\si5351a.o
                0x080032f8                Write_Si5351A
 .text.Si5351A_Init
                0x08003354      0x104 Src\si5351a.o
                0x08003354                Si5351A_Init
 .text.NMI_Handler
                0x08003458        0xa Src\stm32f0xx_it.o
                0x08003458                NMI_Handler
 .text.HardFault_Handler
                0x08003462        0x6 Src\stm32f0xx_it.o
                0x08003462                HardFault_Handler
 .text.SVC_Handler
                0x08003468        0xa Src\stm32f0xx_it.o
                0x08003468                SVC_Handler
 .text.PendSV_Handler
                0x08003472        0xa Src\stm32f0xx_it.o
                0x08003472                PendSV_Handler
 .text.SysTick_Handler
                0x0800347c       0x20 Src\stm32f0xx_it.o
                0x0800347c                SysTick_Handler
 .text.DMA1_Channel2_3_IRQHandler
                0x0800349c       0x24 Src\stm32f0xx_it.o
                0x0800349c                DMA1_Channel2_3_IRQHandler
 .text.USART1_IRQHandler
                0x080034c0       0x18 Src\stm32f0xx_it.o
                0x080034c0                USART1_IRQHandler
 .text.delay_ms
                0x080034d8       0x24 Src\stm32f0xx_it.o
                0x080034d8                delay_ms
 .text.SystemInit
                0x080034fc       0x88 Src\system_stm32f0xx.o
                0x080034fc                SystemInit
 .text.TIM3_Init
                0x08003584      0x13c Src\timer.o
                0x08003584                TIM3_Init
 .text.TIM14_Init
                0x080036c0       0xb0 Src\timer.o
                0x080036c0                TIM14_Init
 .text.HAL_TIM_PWM_MspInit
                0x08003770       0x3c Src\timer.o
                0x08003770                HAL_TIM_PWM_MspInit
 .text.HAL_TIM_Base_MspInit
                0x080037ac       0x40 Src\timer.o
                0x080037ac                HAL_TIM_Base_MspInit
 .text.HAL_TIM_MspPostInit
                0x080037ec       0xd8 Src\timer.o
                0x080037ec                HAL_TIM_MspPostInit
 .text.USART1_UART_Init
                0x080038c4       0x6c Src\uart.o
                0x080038c4                USART1_UART_Init
 .text.HAL_UART_MspInit
                0x08003930      0x140 Src\uart.o
                0x08003930                HAL_UART_MspInit
 .text.Reset_Handler
                0x08003a70       0x50 startup\startup_stm32f030x6.o
                0x08003a70                Reset_Handler
 .text.Default_Handler
                0x08003ac0        0x2 startup\startup_stm32f030x6.o
                0x08003ac0                TIM1_CC_IRQHandler
                0x08003ac0                I2C1_IRQHandler
                0x08003ac0                SPI1_IRQHandler
                0x08003ac0                EXTI2_3_IRQHandler
                0x08003ac0                ADC1_IRQHandler
                0x08003ac0                TIM17_IRQHandler
                0x08003ac0                RTC_IRQHandler
                0x08003ac0                TIM16_IRQHandler
                0x08003ac0                TIM3_IRQHandler
                0x08003ac0                EXTI4_15_IRQHandler
                0x08003ac0                RCC_IRQHandler
                0x08003ac0                DMA1_Channel1_IRQHandler
                0x08003ac0                Default_Handler
                0x08003ac0                TIM14_IRQHandler
                0x08003ac0                DMA1_Channel4_5_IRQHandler
                0x08003ac0                EXTI0_1_IRQHandler
                0x08003ac0                WWDG_IRQHandler
                0x08003ac0                FLASH_IRQHandler
                0x08003ac0                TIM1_BRK_UP_TRG_COM_IRQHandler
 *fill*         0x08003ac2        0x2 
 .text.__libc_init_array
                0x08003ac4       0x48 c:/program files (x86)/atollic/truestudio for stm32 9.2.0/armtools/bin/../lib/gcc/arm-atollic-eabi/6.3.1/../../../../arm-atollic-eabi/lib/armv6-m\libc_nano.a(lib_a-init.o)
                0x08003ac4                __libc_init_array
 *(.glue_7)
 .glue_7        0x08003b0c        0x0 linker stubs
 *(.glue_7t)
 .glue_7t       0x08003b0c        0x0 linker stubs
 *(.eh_frame)
 .eh_frame      0x08003b0c        0x0 c:/program files (x86)/atollic/truestudio for stm32 9.2.0/armtools/bin/../lib/gcc/arm-atollic-eabi/6.3.1/armv6-m/crtbegin.o
 *(.init)
 .init          0x08003b0c        0x4 c:/program files (x86)/atollic/truestudio for stm32 9.2.0/armtools/bin/../lib/gcc/arm-atollic-eabi/6.3.1/armv6-m/crti.o
                0x08003b0c                _init
 .init          0x08003b10        0x8 c:/program files (x86)/atollic/truestudio for stm32 9.2.0/armtools/bin/../lib/gcc/arm-atollic-eabi/6.3.1/armv6-m/crtn.o
 *(.fini)
 .fini          0x08003b18        0x4 c:/program files (x86)/atollic/truestudio for stm32 9.2.0/armtools/bin/../lib/gcc/arm-atollic-eabi/6.3.1/armv6-m/crti.o
                0x08003b18                _fini
 .fini          0x08003b1c        0x8 c:/program files (x86)/atollic/truestudio for stm32 9.2.0/armtools/bin/../lib/gcc/arm-atollic-eabi/6.3.1/armv6-m/crtn.o
                0x08003b24                . = ALIGN (0x4)
                0x08003b24                _etext = .

.vfp11_veneer   0x08003b24        0x0
 .vfp11_veneer  0x08003b24        0x0 linker stubs

.v4_bx          0x08003b24        0x0
 .v4_bx         0x08003b24        0x0 linker stubs

.iplt           0x08003b24        0x0
 .iplt          0x08003b24        0x0 c:/program files (x86)/atollic/truestudio for stm32 9.2.0/armtools/bin/../lib/gcc/arm-atollic-eabi/6.3.1/armv6-m/crtbegin.o

.rodata         0x08003b24      0x130
                0x08003b24                . = ALIGN (0x4)
 *(.rodata)
 .rodata        0x08003b24       0x20 Drivers\STM32F0xx_HAL_Driver\Src\stm32f0xx_hal_rcc.o
 .rodata        0x08003b44        0xd Src\i2c.o
 *fill*         0x08003b51        0x3 
 .rodata        0x08003b54        0xe Src\main.o
 *fill*         0x08003b62        0x2 
 .rodata        0x08003b64       0x11 Src\si5351a.o
 *fill*         0x08003b75        0x3 
 .rodata        0x08003b78        0xf Src\timer.o
 *fill*         0x08003b87        0x1 
 .rodata        0x08003b88        0xe Src\uart.o
 *(.rodata*)
 *fill*         0x08003b96        0x2 
 .rodata.si5351a_revb_registers
                0x08003b98       0xa4 Src\si5351a.o
                0x08003b98                si5351a_revb_registers
 .rodata.AHBPrescTable
                0x08003c3c       0x10 Src\system_stm32f0xx.o
                0x08003c3c                AHBPrescTable
 .rodata.APBPrescTable
                0x08003c4c        0x8 Src\system_stm32f0xx.o
                0x08003c4c                APBPrescTable
                0x08003c54                . = ALIGN (0x4)

.rel.dyn        0x08003c54        0x0
 .rel.iplt      0x08003c54        0x0 c:/program files (x86)/atollic/truestudio for stm32 9.2.0/armtools/bin/../lib/gcc/arm-atollic-eabi/6.3.1/armv6-m/crtbegin.o

.ARM.extab
 *(.ARM.extab* .gnu.linkonce.armextab.*)

.ARM            0x08003c54        0x0
                0x08003c54                __exidx_start = .
 *(.ARM.exidx*)
                0x08003c54                __exidx_end = .

.preinit_array  0x08003c54        0x0
                0x08003c54                PROVIDE (__preinit_array_start, .)
 *(.preinit_array*)
                0x08003c54                PROVIDE (__preinit_array_end, .)

.init_array     0x08003c54        0x4
                0x08003c54                PROVIDE (__init_array_start, .)
 *(SORT(.init_array.*))
 *(.init_array*)
 .init_array    0x08003c54        0x4 c:/program files (x86)/atollic/truestudio for stm32 9.2.0/armtools/bin/../lib/gcc/arm-atollic-eabi/6.3.1/armv6-m/crtbegin.o
                0x08003c58                PROVIDE (__init_array_end, .)

.fini_array     0x08003c58        0x4
                [!provide]                PROVIDE (__fini_array_start, .)
 *(SORT(.fini_array.*))
 *(.fini_array*)
 .fini_array    0x08003c58        0x4 c:/program files (x86)/atollic/truestudio for stm32 9.2.0/armtools/bin/../lib/gcc/arm-atollic-eabi/6.3.1/armv6-m/crtbegin.o
                [!provide]                PROVIDE (__fini_array_end, .)
                0x08003c5c                _sidata = LOADADDR (.data)

.data           0x20000000        0x4 load address 0x08003c5c
                0x20000000                . = ALIGN (0x4)
                0x20000000                _sdata = .
 *(.data)
 *(.data*)
 .data.SystemCoreClock
                0x20000000        0x4 Src\system_stm32f0xx.o
                0x20000000                SystemCoreClock
                0x20000004                . = ALIGN (0x4)
                0x20000004                _edata = .

.igot.plt       0x20000004        0x0 load address 0x08003c60
 .igot.plt      0x20000004        0x0 c:/program files (x86)/atollic/truestudio for stm32 9.2.0/armtools/bin/../lib/gcc/arm-atollic-eabi/6.3.1/armv6-m/crtbegin.o
                0x20000004                . = ALIGN (0x4)

.bss            0x20000004      0x1e8 load address 0x08003c60
                0x20000004                _sbss = .
                0x20000004                __bss_start__ = _sbss
 *(.bss)
 .bss           0x20000004       0x1c c:/program files (x86)/atollic/truestudio for stm32 9.2.0/armtools/bin/../lib/gcc/arm-atollic-eabi/6.3.1/armv6-m/crtbegin.o
 *(.bss*)
 .bss.ms_count  0x20000020        0x4 Src\stm32f0xx_it.o
                0x20000020                ms_count
 *(COMMON)
 COMMON         0x20000024        0x4 Drivers\STM32F0xx_HAL_Driver\Src\stm32f0xx_hal.o
                0x20000024                uwTick
 COMMON         0x20000028       0x4c Src\i2c.o
                0x20000028                hi2c1
 COMMON         0x20000074       0x80 Src\timer.o
                0x20000074                htim3
                0x200000b4                htim14
 COMMON         0x200000f4       0xf8 Src\uart.o
                0x200000f4                hdma_usart1_tx
                0x20000138                hdma_usart1_rx
                0x2000017c                huart1
                0x200001ec                . = ALIGN (0x4)
                0x200001ec                _ebss = .
                0x200001ec                __bss_end__ = _ebss

._user_heap_stack
                0x200001ec      0x600 load address 0x08003c60
                0x200001ec                . = ALIGN (0x4)
                [!provide]                PROVIDE (end, .)
                [!provide]                PROVIDE (_end, .)
                0x200003ec                . = (. + _Min_Heap_Size)
 *fill*         0x200001ec      0x200 
                0x200007ec                . = (. + _Min_Stack_Size)
 *fill*         0x200003ec      0x400 
                0x200007ec                . = ALIGN (0x4)

/DISCARD/
 libc.a(*)
 libm.a(*)
 libgcc.a(*)

.ARM.attributes
                0x00000000       0x28
 *(.ARM.attributes)
 .ARM.attributes
                0x00000000       0x1e c:/program files (x86)/atollic/truestudio for stm32 9.2.0/armtools/bin/../lib/gcc/arm-atollic-eabi/6.3.1/armv6-m/crti.o
 .ARM.attributes
                0x0000001e       0x2c c:/program files (x86)/atollic/truestudio for stm32 9.2.0/armtools/bin/../lib/gcc/arm-atollic-eabi/6.3.1/armv6-m/crtbegin.o
 .ARM.attributes
                0x0000004a       0x31 Drivers\STM32F0xx_HAL_Driver\Src\stm32f0xx_hal.o
 .ARM.attributes
                0x0000007b       0x31 Drivers\STM32F0xx_HAL_Driver\Src\stm32f0xx_hal_cortex.o
 .ARM.attributes
                0x000000ac       0x31 Drivers\STM32F0xx_HAL_Driver\Src\stm32f0xx_hal_dma.o
 .ARM.attributes
                0x000000dd       0x31 Drivers\STM32F0xx_HAL_Driver\Src\stm32f0xx_hal_gpio.o
 .ARM.attributes
                0x0000010e       0x31 Drivers\STM32F0xx_HAL_Driver\Src\stm32f0xx_hal_i2c.o
 .ARM.attributes
                0x0000013f       0x31 Drivers\STM32F0xx_HAL_Driver\Src\stm32f0xx_hal_i2c_ex.o
 .ARM.attributes
                0x00000170       0x31 Drivers\STM32F0xx_HAL_Driver\Src\stm32f0xx_hal_rcc.o
 .ARM.attributes
                0x000001a1       0x31 Drivers\STM32F0xx_HAL_Driver\Src\stm32f0xx_hal_rcc_ex.o
 .ARM.attributes
                0x000001d2       0x31 Drivers\STM32F0xx_HAL_Driver\Src\stm32f0xx_hal_tim.o
 .ARM.attributes
                0x00000203       0x31 Drivers\STM32F0xx_HAL_Driver\Src\stm32f0xx_hal_tim_ex.o
 .ARM.attributes
                0x00000234       0x31 Drivers\STM32F0xx_HAL_Driver\Src\stm32f0xx_hal_uart.o
 .ARM.attributes
                0x00000265       0x31 Src\gpio.o
 .ARM.attributes
                0x00000296       0x31 Src\i2c.o
 .ARM.attributes
                0x000002c7       0x31 Src\main.o
 .ARM.attributes
                0x000002f8       0x31 Src\si5351a.o
 .ARM.attributes
                0x00000329       0x31 Src\stm32f0xx_it.o
 .ARM.attributes
                0x0000035a       0x31 Src\system_stm32f0xx.o
 .ARM.attributes
                0x0000038b       0x31 Src\timer.o
 .ARM.attributes
                0x000003bc       0x31 Src\uart.o
 .ARM.attributes
                0x000003ed       0x21 startup\startup_stm32f030x6.o
 .ARM.attributes
                0x0000040e       0x2c c:/program files (x86)/atollic/truestudio for stm32 9.2.0/armtools/bin/../lib/gcc/arm-atollic-eabi/6.3.1/../../../../arm-atollic-eabi/lib/armv6-m\libc_nano.a(lib_a-init.o)
 .ARM.attributes
                0x0000043a       0x1e c:/program files (x86)/atollic/truestudio for stm32 9.2.0/armtools/bin/../lib/gcc/arm-atollic-eabi/6.3.1/armv6-m\libgcc.a(_udivsi3.o)
 .ARM.attributes
                0x00000458       0x1e c:/program files (x86)/atollic/truestudio for stm32 9.2.0/armtools/bin/../lib/gcc/arm-atollic-eabi/6.3.1/armv6-m\libgcc.a(_dvmd_tls.o)
 .ARM.attributes
                0x00000476       0x1e c:/program files (x86)/atollic/truestudio for stm32 9.2.0/armtools/bin/../lib/gcc/arm-atollic-eabi/6.3.1/armv6-m/crtn.o
OUTPUT(FYP Final.elf elf32-littlearm)

.debug_info     0x00000000    0x15846
 .debug_info    0x00000000      0xd9b Drivers\STM32F0xx_HAL_Driver\Src\stm32f0xx_hal.o
 .debug_info    0x00000d9b      0xef3 Drivers\STM32F0xx_HAL_Driver\Src\stm32f0xx_hal_cortex.o
 .debug_info    0x00001c8e      0xf57 Drivers\STM32F0xx_HAL_Driver\Src\stm32f0xx_hal_dma.o
 .debug_info    0x00002be5      0xe41 Drivers\STM32F0xx_HAL_Driver\Src\stm32f0xx_hal_gpio.o
 .debug_info    0x00003a26     0x23a6 Drivers\STM32F0xx_HAL_Driver\Src\stm32f0xx_hal_i2c.o
 .debug_info    0x00005dcc     0x1028 Drivers\STM32F0xx_HAL_Driver\Src\stm32f0xx_hal_i2c_ex.o
 .debug_info    0x00006df4      0xf88 Drivers\STM32F0xx_HAL_Driver\Src\stm32f0xx_hal_rcc.o
 .debug_info    0x00007d7c      0xb89 Drivers\STM32F0xx_HAL_Driver\Src\stm32f0xx_hal_rcc_ex.o
 .debug_info    0x00008905     0x2a89 Drivers\STM32F0xx_HAL_Driver\Src\stm32f0xx_hal_tim.o
 .debug_info    0x0000b38e     0x1788 Drivers\STM32F0xx_HAL_Driver\Src\stm32f0xx_hal_tim_ex.o
 .debug_info    0x0000cb16     0x1b3c Drivers\STM32F0xx_HAL_Driver\Src\stm32f0xx_hal_uart.o
 .debug_info    0x0000e652      0xba8 Src\gpio.o
 .debug_info    0x0000f1fa     0x115d Src\i2c.o
 .debug_info    0x00010357      0xd25 Src\main.o
 .debug_info    0x0001107c      0xa9f Src\si5351a.o
 .debug_info    0x00011b1b      0xee1 Src\stm32f0xx_it.o
 .debug_info    0x000129fc      0xa63 Src\system_stm32f0xx.o
 .debug_info    0x0001345f     0x1179 Src\timer.o
 .debug_info    0x000145d8     0x11fa Src\uart.o
 .debug_info    0x000157d2       0x74 startup\startup_stm32f030x6.o

.debug_abbrev   0x00000000     0x2b51
 .debug_abbrev  0x00000000      0x266 Drivers\STM32F0xx_HAL_Driver\Src\stm32f0xx_hal.o
 .debug_abbrev  0x00000266      0x30f Drivers\STM32F0xx_HAL_Driver\Src\stm32f0xx_hal_cortex.o
 .debug_abbrev  0x00000575      0x275 Drivers\STM32F0xx_HAL_Driver\Src\stm32f0xx_hal_dma.o
 .debug_abbrev  0x000007ea      0x24c Drivers\STM32F0xx_HAL_Driver\Src\stm32f0xx_hal_gpio.o
 .debug_abbrev  0x00000a36      0x2a5 Drivers\STM32F0xx_HAL_Driver\Src\stm32f0xx_hal_i2c.o
 .debug_abbrev  0x00000cdb      0x21a Drivers\STM32F0xx_HAL_Driver\Src\stm32f0xx_hal_i2c_ex.o
 .debug_abbrev  0x00000ef5      0x281 Drivers\STM32F0xx_HAL_Driver\Src\stm32f0xx_hal_rcc.o
 .debug_abbrev  0x00001176      0x223 Drivers\STM32F0xx_HAL_Driver\Src\stm32f0xx_hal_rcc_ex.o
 .debug_abbrev  0x00001399      0x2ab Drivers\STM32F0xx_HAL_Driver\Src\stm32f0xx_hal_tim.o
 .debug_abbrev  0x00001644      0x288 Drivers\STM32F0xx_HAL_Driver\Src\stm32f0xx_hal_tim_ex.o
 .debug_abbrev  0x000018cc      0x271 Drivers\STM32F0xx_HAL_Driver\Src\stm32f0xx_hal_uart.o
 .debug_abbrev  0x00001b3d      0x1f2 Src\gpio.o
 .debug_abbrev  0x00001d2f      0x21a Src\i2c.o
 .debug_abbrev  0x00001f49      0x205 Src\main.o
 .debug_abbrev  0x0000214e      0x20c Src\si5351a.o
 .debug_abbrev  0x0000235a      0x1ef Src\stm32f0xx_it.o
 .debug_abbrev  0x00002549      0x1ca Src\system_stm32f0xx.o
 .debug_abbrev  0x00002713      0x218 Src\timer.o
 .debug_abbrev  0x0000292b      0x214 Src\uart.o
 .debug_abbrev  0x00002b3f       0x12 startup\startup_stm32f030x6.o

.debug_aranges  0x00000000      0xe48
 .debug_aranges
                0x00000000       0xb8 Drivers\STM32F0xx_HAL_Driver\Src\stm32f0xx_hal.o
 .debug_aranges
                0x000000b8       0xc0 Drivers\STM32F0xx_HAL_Driver\Src\stm32f0xx_hal_cortex.o
 .debug_aranges
                0x00000178       0x88 Drivers\STM32F0xx_HAL_Driver\Src\stm32f0xx_hal_dma.o
 .debug_aranges
                0x00000200       0x58 Drivers\STM32F0xx_HAL_Driver\Src\stm32f0xx_hal_gpio.o
 .debug_aranges
                0x00000258      0x260 Drivers\STM32F0xx_HAL_Driver\Src\stm32f0xx_hal_i2c.o
 .debug_aranges
                0x000004b8       0x38 Drivers\STM32F0xx_HAL_Driver\Src\stm32f0xx_hal_i2c_ex.o
 .debug_aranges
                0x000004f0       0x80 Drivers\STM32F0xx_HAL_Driver\Src\stm32f0xx_hal_rcc.o
 .debug_aranges
                0x00000570       0x30 Drivers\STM32F0xx_HAL_Driver\Src\stm32f0xx_hal_rcc_ex.o
 .debug_aranges
                0x000005a0      0x378 Drivers\STM32F0xx_HAL_Driver\Src\stm32f0xx_hal_tim.o
 .debug_aranges
                0x00000918      0x140 Drivers\STM32F0xx_HAL_Driver\Src\stm32f0xx_hal_tim_ex.o
 .debug_aranges
                0x00000a58      0x1d8 Drivers\STM32F0xx_HAL_Driver\Src\stm32f0xx_hal_uart.o
 .debug_aranges
                0x00000c30       0x28 Src\gpio.o
 .debug_aranges
                0x00000c58       0x48 Src\i2c.o
 .debug_aranges
                0x00000ca0       0x38 Src\main.o
 .debug_aranges
                0x00000cd8       0x30 Src\si5351a.o
 .debug_aranges
                0x00000d08       0x58 Src\stm32f0xx_it.o
 .debug_aranges
                0x00000d60       0x28 Src\system_stm32f0xx.o
 .debug_aranges
                0x00000d88       0x50 Src\timer.o
 .debug_aranges
                0x00000dd8       0x48 Src\uart.o
 .debug_aranges
                0x00000e20       0x28 startup\startup_stm32f030x6.o

.debug_ranges   0x00000000      0xd10
 .debug_ranges  0x00000000       0xa8 Drivers\STM32F0xx_HAL_Driver\Src\stm32f0xx_hal.o
 .debug_ranges  0x000000a8       0xb0 Drivers\STM32F0xx_HAL_Driver\Src\stm32f0xx_hal_cortex.o
 .debug_ranges  0x00000158       0x78 Drivers\STM32F0xx_HAL_Driver\Src\stm32f0xx_hal_dma.o
 .debug_ranges  0x000001d0       0x48 Drivers\STM32F0xx_HAL_Driver\Src\stm32f0xx_hal_gpio.o
 .debug_ranges  0x00000218      0x250 Drivers\STM32F0xx_HAL_Driver\Src\stm32f0xx_hal_i2c.o
 .debug_ranges  0x00000468       0x28 Drivers\STM32F0xx_HAL_Driver\Src\stm32f0xx_hal_i2c_ex.o
 .debug_ranges  0x00000490       0x70 Drivers\STM32F0xx_HAL_Driver\Src\stm32f0xx_hal_rcc.o
 .debug_ranges  0x00000500       0x20 Drivers\STM32F0xx_HAL_Driver\Src\stm32f0xx_hal_rcc_ex.o
 .debug_ranges  0x00000520      0x368 Drivers\STM32F0xx_HAL_Driver\Src\stm32f0xx_hal_tim.o
 .debug_ranges  0x00000888      0x130 Drivers\STM32F0xx_HAL_Driver\Src\stm32f0xx_hal_tim_ex.o
 .debug_ranges  0x000009b8      0x1c8 Drivers\STM32F0xx_HAL_Driver\Src\stm32f0xx_hal_uart.o
 .debug_ranges  0x00000b80       0x18 Src\gpio.o
 .debug_ranges  0x00000b98       0x38 Src\i2c.o
 .debug_ranges  0x00000bd0       0x28 Src\main.o
 .debug_ranges  0x00000bf8       0x20 Src\si5351a.o
 .debug_ranges  0x00000c18       0x48 Src\stm32f0xx_it.o
 .debug_ranges  0x00000c60       0x18 Src\system_stm32f0xx.o
 .debug_ranges  0x00000c78       0x40 Src\timer.o
 .debug_ranges  0x00000cb8       0x38 Src\uart.o
 .debug_ranges  0x00000cf0       0x20 startup\startup_stm32f030x6.o

.debug_line     0x00000000     0x70d6
 .debug_line    0x00000000      0x403 Drivers\STM32F0xx_HAL_Driver\Src\stm32f0xx_hal.o
 .debug_line    0x00000403      0x429 Drivers\STM32F0xx_HAL_Driver\Src\stm32f0xx_hal_cortex.o
 .debug_line    0x0000082c      0x49e Drivers\STM32F0xx_HAL_Driver\Src\stm32f0xx_hal_dma.o
 .debug_line    0x00000cca      0x409 Drivers\STM32F0xx_HAL_Driver\Src\stm32f0xx_hal_gpio.o
 .debug_line    0x000010d3     0x1354 Drivers\STM32F0xx_HAL_Driver\Src\stm32f0xx_hal_i2c.o
 .debug_line    0x00002427      0x355 Drivers\STM32F0xx_HAL_Driver\Src\stm32f0xx_hal_i2c_ex.o
 .debug_line    0x0000277c      0x4fa Drivers\STM32F0xx_HAL_Driver\Src\stm32f0xx_hal_rcc.o
 .debug_line    0x00002c76      0x361 Drivers\STM32F0xx_HAL_Driver\Src\stm32f0xx_hal_rcc_ex.o
 .debug_line    0x00002fd7     0x14ee Drivers\STM32F0xx_HAL_Driver\Src\stm32f0xx_hal_tim.o
 .debug_line    0x000044c5      0x8ba Drivers\STM32F0xx_HAL_Driver\Src\stm32f0xx_hal_tim_ex.o
 .debug_line    0x00004d7f      0xbee Drivers\STM32F0xx_HAL_Driver\Src\stm32f0xx_hal_uart.o
 .debug_line    0x0000596d      0x274 Src\gpio.o
 .debug_line    0x00005be1      0x306 Src\i2c.o
 .debug_line    0x00005ee7      0x2df Src\main.o
 .debug_line    0x000061c6      0x2c0 Src\si5351a.o
 .debug_line    0x00006486      0x303 Src\stm32f0xx_it.o
 .debug_line    0x00006789      0x24e Src\system_stm32f0xx.o
 .debug_line    0x000069d7      0x363 Src\timer.o
 .debug_line    0x00006d3a      0x319 Src\uart.o
 .debug_line    0x00007053       0x83 startup\startup_stm32f030x6.o

.debug_str      0x00000000     0x3fb5
 .debug_str     0x00000000      0x92b Drivers\STM32F0xx_HAL_Driver\Src\stm32f0xx_hal.o
                                0x9c4 (size before relaxing)
 .debug_str     0x0000092b      0x220 Drivers\STM32F0xx_HAL_Driver\Src\stm32f0xx_hal_cortex.o
                                0xa08 (size before relaxing)
 .debug_str     0x00000b4b      0x3f9 Drivers\STM32F0xx_HAL_Driver\Src\stm32f0xx_hal_dma.o
                                0xa65 (size before relaxing)
 .debug_str     0x00000f44      0x1c7 Drivers\STM32F0xx_HAL_Driver\Src\stm32f0xx_hal_gpio.o
                                0x862 (size before relaxing)
 .debug_str     0x0000110b      0xa30 Drivers\STM32F0xx_HAL_Driver\Src\stm32f0xx_hal_i2c.o
                               0x1297 (size before relaxing)
 .debug_str     0x00001b3b       0xc4 Drivers\STM32F0xx_HAL_Driver\Src\stm32f0xx_hal_i2c_ex.o
                                0xbfc (size before relaxing)
 .debug_str     0x00001bff      0x2e9 Drivers\STM32F0xx_HAL_Driver\Src\stm32f0xx_hal_rcc.o
                                0xa14 (size before relaxing)
 .debug_str     0x00001ee8      0x127 Drivers\STM32F0xx_HAL_Driver\Src\stm32f0xx_hal_rcc_ex.o
                                0x7c9 (size before relaxing)
 .debug_str     0x0000200f      0xf18 Drivers\STM32F0xx_HAL_Driver\Src\stm32f0xx_hal_tim.o
                               0x1788 (size before relaxing)
 .debug_str     0x00002f27      0x543 Drivers\STM32F0xx_HAL_Driver\Src\stm32f0xx_hal_tim_ex.o
                                0xff5 (size before relaxing)
 .debug_str     0x0000346a      0x850 Drivers\STM32F0xx_HAL_Driver\Src\stm32f0xx_hal_uart.o
                               0x1147 (size before relaxing)
 .debug_str     0x00003cba       0x2a Src\gpio.o
                                0x6fc (size before relaxing)
 .debug_str     0x00003ce4       0x5a Src\i2c.o
                                0xbee (size before relaxing)
 .debug_str     0x00003d3e       0x47 Src\main.o
                                0x9a3 (size before relaxing)
 .debug_str     0x00003d85       0x88 Src\si5351a.o
                                0x6d7 (size before relaxing)
 .debug_str     0x00003e0d       0xc3 Src\stm32f0xx_it.o
                                0xb0a (size before relaxing)
 .debug_str     0x00003ed0       0x5a Src\system_stm32f0xx.o
                                0x688 (size before relaxing)
 .debug_str     0x00003f2a       0x62 Src\timer.o
                                0xbeb (size before relaxing)
 .debug_str     0x00003f8c       0x29 Src\uart.o
                                0xd26 (size before relaxing)

.comment        0x00000000       0x7c
 .comment       0x00000000       0x7c Drivers\STM32F0xx_HAL_Driver\Src\stm32f0xx_hal.o
                                 0x7d (size before relaxing)
 .comment       0x0000007c       0x7d Drivers\STM32F0xx_HAL_Driver\Src\stm32f0xx_hal_cortex.o
 .comment       0x0000007c       0x7d Drivers\STM32F0xx_HAL_Driver\Src\stm32f0xx_hal_dma.o
 .comment       0x0000007c       0x7d Drivers\STM32F0xx_HAL_Driver\Src\stm32f0xx_hal_gpio.o
 .comment       0x0000007c       0x7d Drivers\STM32F0xx_HAL_Driver\Src\stm32f0xx_hal_i2c.o
 .comment       0x0000007c       0x7d Drivers\STM32F0xx_HAL_Driver\Src\stm32f0xx_hal_i2c_ex.o
 .comment       0x0000007c       0x7d Drivers\STM32F0xx_HAL_Driver\Src\stm32f0xx_hal_rcc.o
 .comment       0x0000007c       0x7d Drivers\STM32F0xx_HAL_Driver\Src\stm32f0xx_hal_rcc_ex.o
 .comment       0x0000007c       0x7d Drivers\STM32F0xx_HAL_Driver\Src\stm32f0xx_hal_tim.o
 .comment       0x0000007c       0x7d Drivers\STM32F0xx_HAL_Driver\Src\stm32f0xx_hal_tim_ex.o
 .comment       0x0000007c       0x7d Drivers\STM32F0xx_HAL_Driver\Src\stm32f0xx_hal_uart.o
 .comment       0x0000007c       0x7d Src\gpio.o
 .comment       0x0000007c       0x7d Src\i2c.o
 .comment       0x0000007c       0x7d Src\main.o
 .comment       0x0000007c       0x7d Src\si5351a.o
 .comment       0x0000007c       0x7d Src\stm32f0xx_it.o
 .comment       0x0000007c       0x7d Src\system_stm32f0xx.o
 .comment       0x0000007c       0x7d Src\timer.o
 .comment       0x0000007c       0x7d Src\uart.o

.debug_frame    0x00000000     0x324c
 .debug_frame   0x00000000      0x248 Drivers\STM32F0xx_HAL_Driver\Src\stm32f0xx_hal.o
 .debug_frame   0x00000248      0x2a4 Drivers\STM32F0xx_HAL_Driver\Src\stm32f0xx_hal_cortex.o
 .debug_frame   0x000004ec      0x1d0 Drivers\STM32F0xx_HAL_Driver\Src\stm32f0xx_hal_dma.o
 .debug_frame   0x000006bc      0x110 Drivers\STM32F0xx_HAL_Driver\Src\stm32f0xx_hal_gpio.o
 .debug_frame   0x000007cc      0x930 Drivers\STM32F0xx_HAL_Driver\Src\stm32f0xx_hal_i2c.o
 .debug_frame   0x000010fc       0x90 Drivers\STM32F0xx_HAL_Driver\Src\stm32f0xx_hal_i2c_ex.o
 .debug_frame   0x0000118c      0x194 Drivers\STM32F0xx_HAL_Driver\Src\stm32f0xx_hal_rcc.o
 .debug_frame   0x00001320       0x70 Drivers\STM32F0xx_HAL_Driver\Src\stm32f0xx_hal_rcc_ex.o
 .debug_frame   0x00001390      0xd90 Drivers\STM32F0xx_HAL_Driver\Src\stm32f0xx_hal_tim.o
 .debug_frame   0x00002120      0x4b0 Drivers\STM32F0xx_HAL_Driver\Src\stm32f0xx_hal_tim_ex.o
 .debug_frame   0x000025d0      0x710 Drivers\STM32F0xx_HAL_Driver\Src\stm32f0xx_hal_uart.o
 .debug_frame   0x00002ce0       0x50 Src\gpio.o
 .debug_frame   0x00002d30       0xd4 Src\i2c.o
 .debug_frame   0x00002e04       0x8c Src\main.o
 .debug_frame   0x00002e90       0x74 Src\si5351a.o
 .debug_frame   0x00002f04       0xf4 Src\stm32f0xx_it.o
 .debug_frame   0x00002ff8       0x4c Src\system_stm32f0xx.o
 .debug_frame   0x00003044       0xf0 Src\timer.o
 .debug_frame   0x00003134       0xcc Src\uart.o
 .debug_frame   0x00003200       0x2c c:/program files (x86)/atollic/truestudio for stm32 9.2.0/armtools/bin/../lib/gcc/arm-atollic-eabi/6.3.1/../../../../arm-atollic-eabi/lib/armv6-m\libc_nano.a(lib_a-init.o)
 .debug_frame   0x0000322c       0x20 c:/program files (x86)/atollic/truestudio for stm32 9.2.0/armtools/bin/../lib/gcc/arm-atollic-eabi/6.3.1/armv6-m\libgcc.a(_udivsi3.o)
